// Jest Snapshot v1, https://goo.gl/fbAQLP

exports[`Header renders correctly 1`] = `
<div>
  <header
    class="MuiPaper-root MuiAppBar-root MuiAppBar-positionStatic MuiAppBar-colorPrimary MuiPaper-elevation4"
  >
    <div
      class="MuiToolbar-root MuiToolbar-regular MuiToolbar-gutters"
    >
      <a
        class="MuiTypography-root header-title MuiTypography-h6"
        data-testid="app-title"
        href="/"
      >
        E-Commerce Shop
      </a>
      <a
        aria-disabled="false"
        aria-label="Shopping Cart"
        class="MuiButtonBase-root MuiIconButton-root header-cart-button MuiIconButton-colorInherit"
        data-testid="cart-button"
        href="/cart"
        role="button"
        tabindex="0"
      >
        <span
          class="MuiIconButton-label"
        >
          <span
            class="MuiBadge-root"
          >
            <svg
              aria-hidden="true"
              class="MuiSvgIcon-root"
              focusable="false"
              viewBox="0 0 24 24"
            >
              <path
                d="M7 18c-1.1 0-1.99.9-1.99 2S5.9 22 7 22s2-.9 2-2-.9-2-2-2zM1 2v2h2l3.6 7.59-1.35 2.45c-.16.28-.25.61-.25.96 0 1.1.9 2 2 2h12v-2H7.42c-.14 0-.25-.11-.25-.25l.03-.12.9-1.63h7.45c.75 0 1.41-.41 1.75-1.03l3.58-6.49c.08-.14.12-.31.12-.48 0-.55-.45-1-1-1H5.21l-.94-2H1zm16 16c-1.1 0-1.99.9-1.99 2s.89 2 1.99 2 2-.9 2-2-.9-2-2-2z"
              />
            </svg>
            <span
              class="MuiBadge-badge header-badge MuiBadge-anchorOriginTopRightRectangle MuiBadge-colorSecondary MuiBadge-invisible"
            >
              0
            </span>
          </span>
        </span>
        <span
          class="MuiTouchRipple-root"
        />
      </a>
    </div>
  </header>
</div>
`;
