// Jest Snapshot v1, https://goo.gl/fbAQLP

exports[`App renders correctly 1`] = `
<div>
  <header
    class="MuiPaper-root MuiAppBar-root MuiAppBar-positionStatic MuiAppBar-colorPrimary MuiPaper-elevation4"
  >
    <div
      class="MuiToolbar-root MuiToolbar-regular MuiToolbar-gutters"
    >
      <a
        class="MuiTypography-root header-title MuiTypography-h6"
        data-testid="app-title"
        href="/"
      >
        E-Commerce Shop
      </a>
      <a
        aria-disabled="false"
        aria-label="Shopping Cart"
        class="MuiButtonBase-root MuiIconButton-root header-cart-button MuiIconButton-colorInherit"
        data-testid="cart-button"
        href="/cart"
        role="button"
        tabindex="0"
      >
        <span
          class="MuiIconButton-label"
        >
          <span
            class="MuiBadge-root"
          >
            <svg
              aria-hidden="true"
              class="MuiSvgIcon-root"
              focusable="false"
              viewBox="0 0 24 24"
            >
              <path
                d="M7 18c-1.1 0-1.99.9-1.99 2S5.9 22 7 22s2-.9 2-2-.9-2-2-2zM1 2v2h2l3.6 7.59-1.35 2.45c-.16.28-.25.61-.25.96 0 1.1.9 2 2 2h12v-2H7.42c-.14 0-.25-.11-.25-.25l.03-.12.9-1.63h7.45c.75 0 1.41-.41 1.75-1.03l3.58-6.49c.08-.14.12-.31.12-.48 0-.55-.45-1-1-1H5.21l-.94-2H1zm16 16c-1.1 0-1.99.9-1.99 2s.89 2 1.99 2 2-.9 2-2-.9-2-2-2z"
              />
            </svg>
            <span
              class="MuiBadge-badge header-badge MuiBadge-anchorOriginTopRightRectangle MuiBadge-colorSecondary MuiBadge-invisible"
            >
              0
            </span>
          </span>
        </span>
        <span
          class="MuiTouchRipple-root"
        />
      </a>
    </div>
  </header>
  <div
    class="MuiContainer-root product-listing-container MuiContainer-maxWidthLg"
    data-testid="product-listing-page"
  >
    <h1
      class="MuiTypography-root product-listing-title MuiTypography-h4"
      data-testid="page-title"
    >
      Products
    </h1>
    <div
      class="MuiBox-root MuiBox-root-1 filter-container"
    >
      <div
        class="MuiBox-root MuiBox-root-2 search-container-wrapper"
      >
        <form
          class="MuiPaper-root search-container MuiPaper-elevation1 MuiPaper-rounded"
          data-testid="search-form"
        >
          <div
            class="MuiInputBase-root search-input"
          >
            <input
              aria-label="search products"
              class="MuiInputBase-input"
              data-testid="search-input"
              placeholder="Search products..."
              type="text"
              value=""
            />
          </div>
          <button
            aria-label="search"
            class="MuiButtonBase-root MuiIconButton-root search-button"
            data-testid="search-button"
            tabindex="0"
            type="submit"
          >
            <span
              class="MuiIconButton-label"
            >
              <svg
                aria-hidden="true"
                class="MuiSvgIcon-root"
                focusable="false"
                viewBox="0 0 24 24"
              >
                <path
                  d="M15.5 14h-.79l-.28-.27C15.41 12.59 16 11.11 16 9.5 16 5.91 13.09 3 9.5 3S3 5.91 3 9.5 5.91 16 9.5 16c1.61 0 3.09-.59 4.23-1.57l.27.28v.79l5 4.99L20.49 19l-4.99-5zm-6 0C7.01 14 5 11.99 5 9.5S7.01 5 9.5 5 14 7.01 14 9.5 11.99 14 9.5 14z"
                />
              </svg>
            </span>
            <span
              class="MuiTouchRipple-root"
            />
          </button>
        </form>
      </div>
      <div
        class="MuiFormControl-root category-filter"
        data-testid="category-filter"
      >
        <label
          class="MuiFormLabel-root MuiInputLabel-root MuiInputLabel-formControl MuiInputLabel-animated"
          data-shrink="false"
          id="category-select-label"
        >
          Category
        </label>
        <div
          class="MuiInputBase-root MuiInput-root MuiInput-underline Mui-disabled Mui-disabled MuiInputBase-formControl MuiInput-formControl"
          data-testid="category-select"
        >
          <div
            aria-disabled="true"
            aria-haspopup="listbox"
            aria-labelledby="category-select-label category-select"
            class="MuiSelect-root MuiSelect-select MuiSelect-selectMenu MuiInputBase-input MuiInput-input Mui-disabled Mui-disabled Mui-disabled"
            id="category-select"
            role="button"
          >
            <span>
              â€‹
            </span>
          </div>
          <input
            aria-hidden="true"
            class="MuiSelect-nativeInput"
            tabindex="-1"
            value=""
          />
          <svg
            aria-hidden="true"
            class="MuiSvgIcon-root MuiSelect-icon Mui-disabled"
            focusable="false"
            viewBox="0 0 24 24"
          >
            <path
              d="M7 10l5 5 5-5z"
            />
          </svg>
        </div>
      </div>
    </div>
    <div
      class="MuiBox-root MuiBox-root-3 loader-container"
      data-testid="loading-indicator"
    >
      <div
        class="MuiCircularProgress-root MuiCircularProgress-colorPrimary MuiCircularProgress-indeterminate"
        role="progressbar"
        style="width: 40px; height: 40px;"
      >
        <svg
          class="MuiCircularProgress-svg"
          viewBox="22 22 44 44"
        >
          <circle
            class="MuiCircularProgress-circle MuiCircularProgress-circleIndeterminate"
            cx="44"
            cy="44"
            fill="none"
            r="20.2"
            stroke-width="3.6"
          />
        </svg>
      </div>
    </div>
  </div>
</div>
`;
